pi@raspberrypi:~$ date
Sun Sep 24 11:11:40 CST 2017

pi@raspberrypi:~$ dpkg -C
pi@raspberrypi:~$ apt-mark showhold

pi@raspberrypi:~$ more /boot/issue.txt
Raspberry Pi reference 2017-09-07
Generated using pi-gen, https://github.com/RPi-Distro/pi-gen, 496e41575eeb9fa13f
394ffb407b7bc1d00b21c2, stage5

pi@raspberrypi:~$ sudo apt-get update
Get:1 http://mirrordirector.raspbian.org/raspbian stretch InRelease [15.0 kB]
Get:3 http://archive.raspberrypi.org/debian stretch InRelease [25.3 kB]
Get:4 http://archive.raspberrypi.org/debian stretch/main armhf Packages [115 kB]
Get:5 http://archive.raspberrypi.org/debian stretch/ui armhf Packages [26.9 kB]
20% [Connecting to 120.198.248.226 (120.198.248.226)]
Ign:2 http://mirrordirector.raspbian.org/raspbian stretch/main armhf Packages
Get:2 http://mirrordirector.raspbian.org/raspbian stretch/main armhf Packages [16.4 MB]
Fetched 16.6 MB in 5min 45s (48.1 kB/s)
Reading package lists... Done
pi@raspberrypi:~$ sudo apt-get update
Hit:1 http://archive.raspberrypi.org/debian stretch InRelease
Hit:2 http://mirrordirector.raspbian.org/raspbian stretch InRelease
Reading package lists... Done

pi@raspberrypi:~$ sudo apt-get dist-upgrade
Reading package lists... Done
Building dependency tree
Reading state information... Done
Calculating upgrade... Done
The following NEW packages will be installed:
  gstreamer1.0-omx-rpi gstreamer1.0-omx-rpi-config libwayland-cursor0
The following packages will be upgraded:
  bluez dhcpcd5 gir1.2-gdkpixbuf-2.0 gstreamer1.0-omx libbluetooth3
  libgdk-pixbuf2.0-0 libgdk-pixbuf2.0-common libperl5.24 libservlet3.1-java
  libsmbclient libwbclient0 lxpanel lxpanel-data lxplug-bluetooth
  lxplug-ejecter lxplug-network lxplug-volume perl perl-base perl-modules-5.24
  pigpio python-jwt python-pigpio python3-jwt python3-pigpio
  raspi-copies-and-fills rpi-chromium-mods samba-common samba-libs scratch2
30 upgraded, 3 newly installed, 0 to remove and 0 not upgraded.
Need to get 92.4 MB of archives.
After this operation, 1,346 kB of additional disk space will be used.
Do you want to continue? [Y/n] Y
Get:1 http://archive.raspberrypi.org/debian stretch/ui armhf rpi-chromium-mods armhf 20170913 [9,197 kB]
Get:2 http://mirrordirector.raspbian.org/raspbian stretch/main armhf libperl5.24 armhf 5.24.1-3+deb9u2 [2,831 kB]
Get:3 http://mirrordirector.raspbian.org/raspbian stretch/main armhf perl armhf 5.24.1-3+deb9u2 [218 kB]
Get:4 http://mirrordirector.raspbian.org/raspbian stretch/main armhf perl-base armhf 5.24.1-3+deb9u2 [1,197 kB]
Get:5 http://mirrordirector.raspbian.org/raspbian stretch/main armhf perl-modules-5.24 all 5.24.1-3+deb9u2 [2,724 kB]
Get:6 http://mirrordirector.raspbian.org/raspbian stretch/main armhf libwbclient0 armhf 2:4.5.8+dfsg-2+deb9u2 [120 kB]
Get:7 http://mirrordirector.raspbian.org/raspbian stretch/main armhf libsmbclient armhf 2:4.5.8+dfsg-2+deb9u2 [143 kB]
Get:8 http://mirrordirector.raspbian.org/raspbian stretch/main armhf samba-libs armhf 2:4.5.8+dfsg-2+deb9u2 [4,378 kB]
Get:9 http://mirrordirector.raspbian.org/raspbian stretch/main armhf samba-common all 2:4.5.8+dfsg-2+deb9u2 [169 kB]
Get:10 http://mirrordirector.raspbian.org/raspbian stretch/main armhf libgdk-pixbuf2.0-0 armhf 2.36.5-2+deb9u1 [152 kB]
Get:11 http://mirrordirector.raspbian.org/raspbian stretch/main armhf libgdk-pixbuf2.0-common all 2.36.5-2+deb9u1 [310 kB]
Get:12 http://mirrordirector.raspbian.org/raspbian stretch/main armhf gir1.2-gdkpixbuf-2.0 armhf 2.36.5-2+deb9u1 [15.3 kB]
Get:13 http://mirrordirector.raspbian.org/raspbian stretch/main armhf libwayland-cursor0 armhf 1.12.0-1 [12.1 kB]
Get:14 http://mirrordirector.raspbian.org/raspbian stretch/main armhf libservlet3.1-java all 8.5.14-1+deb9u2 [393 kB]
Get:15 http://mirrordirector.raspbian.org/raspbian stretch/main armhf python-jwt all 1.4.2-1+deb9u1 [15.3 kB]
Get:16 http://mirrordirector.raspbian.org/raspbian stretch/main armhf python3-jwt all 1.4.2-1+deb9u1 [15.3 kB]
Get:17 http://archive.raspberrypi.org/debian stretch/main armhf bluez armhf 5.43-2+rpt1+deb9u1 [722 kB]
Get:18 http://archive.raspberrypi.org/debian stretch/main armhf dhcpcd5 armhf 1:6.11.5-1+rpt2 [135 kB]
Get:19 http://archive.raspberrypi.org/debian stretch/main armhf gstreamer1.0-omx-rpi armhf 1.10.4-1+rpt2 [115 kB]
Get:20 http://archive.raspberrypi.org/debian stretch/main armhf gstreamer1.0-omx armhf 1.10.4-1+rpt2 [38.7 kB]
Get:21 http://archive.raspberrypi.org/debian stretch/main armhf gstreamer1.0-omx-rpi-config armhf 1.10.4-1+rpt2 [40.3 kB]
Get:22 http://archive.raspberrypi.org/debian stretch/main armhf libbluetooth3 armhf 5.43-2+rpt1+deb9u1 [92.4 kB]
Get:23 http://archive.raspberrypi.org/debian stretch/ui armhf lxpanel armhf 0.9.3-1+rpi4 [187 kB]
Get:24 http://archive.raspberrypi.org/debian stretch/ui armhf lxpanel-data all 0.9.3-1+rpi4 [1,050 kB]
Get:25 http://archive.raspberrypi.org/debian stretch/ui armhf lxplug-bluetooth armhf 0.4 [15.9 kB]
Get:26 http://archive.raspberrypi.org/debian stretch/ui armhf lxplug-ejecter armhf 0.3 [9,076 B]
Get:27 http://archive.raspberrypi.org/debian stretch/ui armhf lxplug-network armhf 0.5 [28.4 kB]
Get:28 http://archive.raspberrypi.org/debian stretch/ui armhf lxplug-volume armhf 0.7 [15.5 kB]
Get:29 http://archive.raspberrypi.org/debian stretch/main armhf pigpio armhf 1.64-1 [193 kB]
Get:30 http://archive.raspberrypi.org/debian stretch/main armhf python-pigpio all 1.64-1 [33.5 kB]
Get:31 http://archive.raspberrypi.org/debian stretch/main armhf python3-pigpio all 1.64-1 [33.5 kB]
Get:32 http://archive.raspberrypi.org/debian stretch/main armhf raspi-copies-and-fills armhf 0.6 [7,226 B]
Get:33 http://archive.raspberrypi.org/debian stretch/main armhf scratch2 armhf 0.17 [67.8 MB]
Err:33 http://archive.raspberrypi.org/debian stretch/main armhf scratch2 armhf 0.17
  Connection timed out [IP: 93.93.128.230 80]
Fetched 24.6 MB in 8min 29s (48.3 kB/s)
E: Failed to fetch http://archive.raspberrypi.org/debian/pool/main/s/scratch2/scratch2_0.17_armhf.deb  Connection timed out [IP: 93.93.128.230 80]
E: Unable to fetch some archives, maybe run apt-get update or try with --fix-missing?

pi@raspberrypi:~$ sudo apt-get dist-upgrade

After this operation, 1,346 kB of additional disk space will be used.
Do you want to continue? [Y/n] Y
Get:1 http://archive.raspberrypi.org/debian stretch/main armhf scratch2 armhf 0.17 [67.8 MB]
Fetched 8,005 kB in 39s (203 kB/s)
Reading changelogs... Done
Extracting templates from packages: 100%
Preconfiguring packages ...
(Reading database ... 122705 files and directories currently installed.)
Preparing to unpack .../libperl5.24_5.24.1-3+deb9u2_armhf.deb ...
Unpacking libperl5.24:armhf (5.24.1-3+deb9u2) over (5.24.1-3+deb9u1) ...
Preparing to unpack .../perl_5.24.1-3+deb9u2_armhf.deb ...
Unpacking perl (5.24.1-3+deb9u2) over (5.24.1-3+deb9u1) ...
Preparing to unpack .../perl-base_5.24.1-3+deb9u2_armhf.deb ...
Unpacking perl-base (5.24.1-3+deb9u2) over (5.24.1-3+deb9u1) ...
Setting up perl-base (5.24.1-3+deb9u2) ...
(Reading database ... 122705 files and directories currently installed.)
Preparing to unpack .../00-perl-modules-5.24_5.24.1-3+deb9u2_all.deb ...
Unpacking perl-modules-5.24 (5.24.1-3+deb9u2) over (5.24.1-3+deb9u1) ...
Preparing to unpack .../01-libwbclient0_2%3a4.5.8+dfsg-2+deb9u2_armhf.deb ...
Unpacking libwbclient0:armhf (2:4.5.8+dfsg-2+deb9u2) over (2:4.5.8+dfsg-2+deb9u1) ...
Preparing to unpack .../02-libsmbclient_2%3a4.5.8+dfsg-2+deb9u2_armhf.deb ...
Unpacking libsmbclient:armhf (2:4.5.8+dfsg-2+deb9u2) over (2:4.5.8+dfsg-2+deb9u1) ...
Preparing to unpack .../03-samba-libs_2%3a4.5.8+dfsg-2+deb9u2_armhf.deb ...
Unpacking samba-libs:armhf (2:4.5.8+dfsg-2+deb9u2) over (2:4.5.8+dfsg-2+deb9u1) ...
Preparing to unpack .../04-rpi-chromium-mods_20170913_armhf.deb ...
Unpacking rpi-chromium-mods (20170913) over (20170809) ...
Preparing to unpack .../05-samba-common_2%3a4.5.8+dfsg-2+deb9u2_all.deb ...
Unpacking samba-common (2:4.5.8+dfsg-2+deb9u2) over (2:4.5.8+dfsg-2+deb9u1) ...
Preparing to unpack .../06-bluez_5.43-2+rpt1+deb9u1_armhf.deb ...
Unpacking bluez (5.43-2+rpt1+deb9u1) over (5.43-2+rpi1) ...
Preparing to unpack .../07-dhcpcd5_1%3a6.11.5-1+rpt2_armhf.deb ...
Unpacking dhcpcd5 (1:6.11.5-1+rpt2) over (1:6.10.1-1+rpi3) ...
Preparing to unpack .../08-libgdk-pixbuf2.0-0_2.36.5-2+deb9u1_armhf.deb ...
Unpacking libgdk-pixbuf2.0-0:armhf (2.36.5-2+deb9u1) over (2.36.5-2) ...
Preparing to unpack .../09-libgdk-pixbuf2.0-common_2.36.5-2+deb9u1_all.deb ...
Unpacking libgdk-pixbuf2.0-common (2.36.5-2+deb9u1) over (2.36.5-2) ...
Preparing to unpack .../10-gir1.2-gdkpixbuf-2.0_2.36.5-2+deb9u1_armhf.deb ...
Unpacking gir1.2-gdkpixbuf-2.0:armhf (2.36.5-2+deb9u1) over (2.36.5-2) ...
Selecting previously unselected package libwayland-cursor0:armhf.
Preparing to unpack .../11-libwayland-cursor0_1.12.0-1_armhf.deb ...
Unpacking libwayland-cursor0:armhf (1.12.0-1) ...
Selecting previously unselected package gstreamer1.0-omx-rpi.
Preparing to unpack .../12-gstreamer1.0-omx-rpi_1.10.4-1+rpt2_armhf.deb ...
Unpacking gstreamer1.0-omx-rpi (1.10.4-1+rpt2) ...
Preparing to unpack .../13-gstreamer1.0-omx_1.10.4-1+rpt2_armhf.deb ...
Unpacking gstreamer1.0-omx (1.10.4-1+rpt2) over (1.0.0.1-0+rpi12+jessiepmg) ...
Selecting previously unselected package gstreamer1.0-omx-rpi-config.
Preparing to unpack .../14-gstreamer1.0-omx-rpi-config_1.10.4-1+rpt2_armhf.deb ...
Unpacking gstreamer1.0-omx-rpi-config (1.10.4-1+rpt2) ...
Preparing to unpack .../15-libbluetooth3_5.43-2+rpt1+deb9u1_armhf.deb ...
Unpacking libbluetooth3:armhf (5.43-2+rpt1+deb9u1) over (5.43-2+rpi1) ...
Preparing to unpack .../16-libservlet3.1-java_8.5.14-1+deb9u2_all.deb ...
Unpacking libservlet3.1-java (8.5.14-1+deb9u2) over (8.5.14-1+deb9u1) ...
Preparing to unpack .../17-lxpanel_0.9.3-1+rpi4_armhf.deb ...
Unpacking lxpanel (0.9.3-1+rpi4) over (0.9.3-1+rpi3) ...
Preparing to unpack .../18-lxpanel-data_0.9.3-1+rpi4_all.deb ...
Unpacking lxpanel-data (0.9.3-1+rpi4) over (0.9.3-1+rpi3) ...
Preparing to unpack .../19-lxplug-bluetooth_0.4_armhf.deb ...
Unpacking lxplug-bluetooth (0.4) over (0.3) ...
Preparing to unpack .../20-lxplug-ejecter_0.3_armhf.deb ...
Unpacking lxplug-ejecter (0.3) over (0.2) ...
Preparing to unpack .../21-lxplug-network_0.5_armhf.deb ...
Unpacking lxplug-network (0.5) over (0.2) ...
Preparing to unpack .../22-lxplug-volume_0.7_armhf.deb ...
Unpacking lxplug-volume (0.7) over (0.5) ...
Preparing to unpack .../23-pigpio_1.64-1_armhf.deb ...
Unpacking pigpio (1.64-1) over (1.60-1) ...
Preparing to unpack .../24-python-jwt_1.4.2-1+deb9u1_all.deb ...
Unpacking python-jwt (1.4.2-1+deb9u1) over (1.4.2-1) ...
Preparing to unpack .../25-python-pigpio_1.64-1_all.deb ...
Unpacking python-pigpio (1.64-1) over (1.60-1) ...
Preparing to unpack .../26-python3-jwt_1.4.2-1+deb9u1_all.deb ...
Unpacking python3-jwt (1.4.2-1+deb9u1) over (1.4.2-1) ...
Preparing to unpack .../27-python3-pigpio_1.64-1_all.deb ...
Unpacking python3-pigpio (1.64-1) over (1.60-1) ...
Preparing to unpack .../28-raspi-copies-and-fills_0.6_armhf.deb ...
Unpacking raspi-copies-and-fills (0.6) over (0.5-1) ...
Preparing to unpack .../29-scratch2_0.17_armhf.deb ...
Unpacking scratch2 (0.17) over (0.16) ...
Setting up perl-modules-5.24 (5.24.1-3+deb9u2) ...
Setting up libperl5.24:armhf (5.24.1-3+deb9u2) ...
Setting up libwbclient0:armhf (2:4.5.8+dfsg-2+deb9u2) ...
Setting up lxpanel-data (0.9.3-1+rpi4) ...
Setting up rpi-chromium-mods (20170913) ...
Installing new version of config file /etc/chromium-browser/customizations/00-rpi-vars ...
Setting up samba-libs:armhf (2:4.5.8+dfsg-2+deb9u2) ...
Setting up raspi-copies-and-fills (0.6) ...
Processing triggers for mime-support (3.60) ...
Setting up python3-pigpio (1.64-1) ...
Processing triggers for desktop-file-utils (0.23-1) ...
Setting up dhcpcd5 (1:6.11.5-1+rpt2) ...
Installing new version of config file /etc/dhcpcd.conf ...
Setting up python-pigpio (1.64-1) ...
Setting up libbluetooth3:armhf (5.43-2+rpt1+deb9u1) ...
Setting up samba-common (2:4.5.8+dfsg-2+deb9u2) ...
Setting up libgdk-pixbuf2.0-common (2.36.5-2+deb9u1) ...
Setting up pigpio (1.64-1) ...
Setting up python-jwt (1.4.2-1+deb9u1) ...
Setting up libsmbclient:armhf (2:4.5.8+dfsg-2+deb9u2) ...
Setting up perl (5.24.1-3+deb9u2) ...
Setting up libservlet3.1-java (8.5.14-1+deb9u2) ...
Processing triggers for libc-bin (2.24-11+deb9u1) ...
Processing triggers for systemd (232-25+deb9u1) ...
Processing triggers for man-db (2.7.6.1-2) ...
Processing triggers for shared-mime-info (1.8-1) ...
Processing triggers for gnome-menus (3.13.3-9) ...
Processing triggers for dbus (1.10.18-1) ...
Setting up bluez (5.43-2+rpt1+deb9u1) ...
Setting up libwayland-cursor0:armhf (1.12.0-1) ...
Setting up python3-jwt (1.4.2-1+deb9u1) ...
Setting up scratch2 (0.17) ...
Setting up libgdk-pixbuf2.0-0:armhf (2.36.5-2+deb9u1) ...
Setting up gstreamer1.0-omx-rpi (1.10.4-1+rpt2) ...
update-alternatives: using /usr/lib/arm-linux-gnueabihf/gstreamer-1.0/libgstomx-rpi.so to provide /usr/lib/arm-linux-gnueabihf/gstreamer-1.0/libgstomx.so (libgstomx-arm-linux-gnueabihf.so) in auto mode
Setting up gir1.2-gdkpixbuf-2.0:armhf (2.36.5-2+deb9u1) ...
Setting up gstreamer1.0-omx-rpi-config (1.10.4-1+rpt2) ...
update-alternatives: using /etc/xdg/gstomx-rpi.conf to provide /etc/xdg/gstomx.conf (gstomx.conf) in auto mode
update-alternatives: warning: not replacing /etc/xdg/gstomx.conf with a link
Setting up gstreamer1.0-omx (1.10.4-1+rpt2) ...
Setting up lxpanel (0.9.3-1+rpi4) ...
Setting up lxplug-network (0.5) ...
Setting up lxplug-volume (0.7) ...
Setting up lxplug-ejecter (0.3) ...
Setting up lxplug-bluetooth (0.4) ...
Processing triggers for libc-bin (2.24-11+deb9u1) ...
